[www.sportandfitness.bham.ac.uk/student-sport/clubs/mountaineering/index.html]
[backblue.gif]
[fade.gif]
[index.html]
[www.sportandfitness.bham.ac.uk/wp-includes/css/dist/block-library/style.min.css]
[www.sportandfitness.bham.ac.uk/wp-content/plugins/booked/assets/css/icons.css]
[www.sportandfitness.bham.ac.uk/wp-content/plugins/booked/assets/js/tooltipster/css/tooltipster.css]
[www.sportandfitness.bham.ac.uk/wp-content/plugins/booked/assets/js/tooltipster/css/themes/tooltipster-light.css]
[www.sportandfitness.bham.ac.uk/wp-content/plugins/booked/assets/css/animations.css]
[www.sportandfitness.bham.ac.uk/wp-content/plugins/booked/assets/css/styles.css]
[www.sportandfitness.bham.ac.uk/wp-content/plugins/booked/assets/css/responsive.css]
[www.sportandfitness.bham.ac.uk/wp-content/plugins/instagram-feed/css/sb-instagram.min.css]
[maxcdn.bootstrapcdn.com/font-awesome/4.7.0/css/font-awesome.min.css]
[www.sportandfitness.bham.ac.uk/wp-content/plugins/iphorm-form-builder/css/styles.css]
[www.sportandfitness.bham.ac.uk/wp-content/plugins/iphorm-form-builder/js/qtip2/jquery.qtip.min.css]
[www.sportandfitness.bham.ac.uk/wp-content/plugins/iphorm-form-builder/js/fancybox/jquery.fancybox-1.3.4.css]
[www.sportandfitness.bham.ac.uk/wp-content/plugins/iphorm-form-builder/js/uniform/themes/default/default.css]
[www.sportandfitness.bham.ac.uk/wp-content/plugins/iphorm-form-builder/js/uniform/themes/agent/agent.css]
[www.sportandfitness.bham.ac.uk/wp-content/plugins/iphorm-form-builder/themes/react/default.css]
[www.sportandfitness.bham.ac.uk/wp-content/plugins/iphorm-form-builder/themes/light/rounded.css]
[www.sportandfitness.bham.ac.uk/wp-content/plugins/revslider/public/assets/css/settings.css]
[www.sportandfitness.bham.ac.uk/wp-content/plugins/forms-for-campaign-monitor/forms/views/public/css/app.css]
[www.sportandfitness.bham.ac.uk/wp-content/themes/360 birmingham/style.css]
[www.sportandfitness.bham.ac.uk/wp-content/themes/360 birmingham/js/jquery.custom-scrollbar.css]
[www.sportandfitness.bham.ac.uk/wp-content/themes/360 birmingham/js/bxslider/jquery.bxslider.min.css]
[www.sportandfitness.bham.ac.uk/wp-content/plugins/new-royalslider/lib/royalslider/royalslider.css]
[www.sportandfitness.bham.ac.uk/wp-content/plugins/new-royalslider/lib/royalslider/skins/universal/rs-universal.css]
[www.sportandfitness.bham.ac.uk/wp-content/themes/360 birmingham/royalslider/performance/performance.css]
[www.sportandfitness.bham.ac.uk/wp-content/plugins/new-royalslider/lib/royalslider/templates-css/rs-gallery-with-text-thumbs.css]
[www.sportandfitness.bham.ac.uk/wp-content/plugins/new-royalslider/lib/royalslider/templates-css/rs-visible-nearby-simple.css]
[www.sportandfitness.bham.ac.uk/wp-content/plugins/new-royalslider/lib/royalslider/templates-css/rs-content-slider-template.css]
[www.sportandfitness.bham.ac.uk/wp-content/uploads/smile_fonts/Defaults/Defaults.css]
[www.sportandfitness.bham.ac.uk/wp-includes/js/jquery/jquery.js]
[www.sportandfitness.bham.ac.uk/wp-includes/js/jquery/jquery-migrate.min.js]
[www.sportandfitness.bham.ac.uk/wp-content/plugins/iphorm-form-builder/js/iphorm.js]
[www.sportandfitness.bham.ac.uk/wp-content/plugins/responsive-scrolling-tables/js/responsivescrollingtables.js]
[www.sportandfitness.bham.ac.uk/wp-content/plugins/revslider/public/assets/js/jquery.themepunch.tools.min.js]
[www.sportandfitness.bham.ac.uk/wp-content/plugins/revslider/public/assets/js/jquery.themepunch.revolution.min.js]
[www.sportandfitness.bham.ac.uk/wp-content/themes/360 birmingham/js/jquery.custom-scrollbar.js]
[www.sportandfitness.bham.ac.uk/wp-content/themes/360 birmingham/js/bxslider/jquery.bxslider.min.js]
[use.fontawesome.com/8aa23106e2.js]
[ajax.googleapis.com/ajax/libs/jqueryui/1.12.1/jquery-ui.min.js]
[www.google-analytics.com/analytics.js]
[connect.facebook.net/en_US/fbevents.js]
[www.sportandfitness.bham.ac.uk/wp-content/themes/360 birmingham/images/sportlogo.jpg]
[www.sportandfitness.bham.ac.uk/wp-content/uploads/2017/09/21427256_1916847201672068_5996376521139049809_o-1024x768.jpg]
[www.sportandfitness.bham.ac.uk/wp-content/uploads/2017/08/13710471_10157267943180245_6632392738674845351_o.jpg]
[www.sportandfitness.bham.ac.uk/wp-content/uploads/2017/08/16681455_1710695532287237_8563346814639257187_n.jpg]
[www.sportandfitness.bham.ac.uk/wp-content/uploads/2017/08/17861986_10155247118496692_2808375362043873181_n.jpg]
[www.sportandfitness.bham.ac.uk/wp-content/uploads/2017/09/21272339_1916849195005202_2552620847090449064_n.jpg]
[www.sportandfitness.bham.ac.uk/wp-content/uploads/2017/08/1st-photo-13413664_10208755784948637_5575366587521519887_n.jpg]
[www.sportandfitness.bham.ac.uk/wp-content/uploads/2017/08/14690922_1590878990935559_2567884457713525049_n.jpg]
[www.sportandfitness.bham.ac.uk/wp-content/uploads/2017/08/19225720_10208356419178160_1696558709713512807_n.jpg]
[www.sportandfitness.bham.ac.uk/wp-content/uploads/2017/03/signup.jpg]
[www.sportandfitness.bham.ac.uk/wp-content/uploads/2016/07/Footer-sport-logo-footer-e1468400303540.png]
[www.sportandfitness.bham.ac.uk/wp-content/plugins/optin-cat-business-wp/assets/pagecount.min.js]
[www.sportandfitness.bham.ac.uk/wp-includes/js/jquery/ui/core.min.js]
[www.sportandfitness.bham.ac.uk/wp-includes/js/jquery/ui/datepicker.min.js]
[www.sportandfitness.bham.ac.uk/wp-content/plugins/booked/assets/js/spin.min.js]
[www.sportandfitness.bham.ac.uk/wp-content/plugins/booked/assets/js/spin.jquery.js]
[www.sportandfitness.bham.ac.uk/wp-content/plugins/booked/assets/js/tooltipster/js/jquery.tooltipster.min.js]
[www.sportandfitness.bham.ac.uk/wp-content/plugins/booked/assets/js/functions.js]
[www.sportandfitness.bham.ac.uk/wp-content/plugins/instagram-feed/js/sb-instagram.min.js]
[www.sportandfitness.bham.ac.uk/wp-includes/js/jquery/ui/widget.min.js]
[www.sportandfitness.bham.ac.uk/wp-content/plugins/iphorm-form-builder/js/jquery.fileupload.min.js]
[www.sportandfitness.bham.ac.uk/wp-content/plugins/iphorm-form-builder/js/jquery.iphorm.js]
[www.sportandfitness.bham.ac.uk/wp-content/plugins/iphorm-form-builder/js/jquery.form.min.js]
[www.sportandfitness.bham.ac.uk/wp-content/plugins/iphorm-form-builder/js/jquery.smooth-scroll.min.js]
[www.sportandfitness.bham.ac.uk/wp-content/plugins/iphorm-form-builder/js/qtip2/jquery.qtip.min.js]
[www.sportandfitness.bham.ac.uk/wp-content/plugins/iphorm-form-builder/js/fancybox/jquery.fancybox-1.3.4.pack.js]
[www.sportandfitness.bham.ac.uk/wp-content/plugins/iphorm-form-builder/js/uniform/jquery.uniform.min.js]
[www.sportandfitness.bham.ac.uk/wp-content/plugins/iphorm-form-builder/js/jquery.infieldlabel.min.js]
[www.sportandfitness.bham.ac.uk/wp-content/plugins/iphorm-form-builder/themes/light/rounded.js]
[www.sportandfitness.bham.ac.uk/wp-content/plugins/forms-for-campaign-monitor/forms/views/public/js/app.js]
[www.sportandfitness.bham.ac.uk/wp-content/themes/360 birmingham/js/global.js]
[www.sportandfitness.bham.ac.uk/wp-includes/js/wp-embed.min.js]
[www.googleadservices.com/pagead/f.txt]
[www.sportandfitness.bham.ac.uk/student-sport/clubs/mountaineering/index.html]
[www.sportandfitness.bham.ac.uk/wp-includes/css/dist/block-library/style.min.css]
[www.sportandfitness.bham.ac.uk/wp-content/plugins/booked/assets/css/icons.css]
[www.sportandfitness.bham.ac.uk/wp-content/plugins/booked/assets/js/tooltipster/css/tooltipster.css]
[www.sportandfitness.bham.ac.uk/wp-content/plugins/booked/assets/js/tooltipster/css/themes/tooltipster-light.css]
[www.sportandfitness.bham.ac.uk/wp-content/plugins/booked/assets/css/animations.css]
[www.sportandfitness.bham.ac.uk/wp-content/plugins/booked/assets/css/styles.css]
[www.sportandfitness.bham.ac.uk/wp-content/plugins/booked/assets/css/responsive.css]
[www.sportandfitness.bham.ac.uk/wp-content/plugins/instagram-feed/css/sb-instagram.min.css]
[maxcdn.bootstrapcdn.com/font-awesome/4.7.0/css/font-awesome.min.css]
[www.sportandfitness.bham.ac.uk/wp-content/plugins/iphorm-form-builder/images/file-upload-tick.png]
[www.sportandfitness.bham.ac.uk/wp-content/plugins/iphorm-form-builder/images/captcha-refresh-icon.png]
[www.sportandfitness.bham.ac.uk/wp-content/plugins/iphorm-form-builder/images/default-loading.gif]
[www.sportandfitness.bham.ac.uk/wp-content/plugins/iphorm-form-builder/images/error.png]
[www.sportandfitness.bham.ac.uk/wp-content/plugins/iphorm-form-builder/images/success.png]
[www.sportandfitness.bham.ac.uk/wp-content/plugins/iphorm-form-builder/images/date-picker.png]
[www.sportandfitness.bham.ac.uk/wp-content/plugins/iphorm-form-builder/images/help-icon.png]
[www.sportandfitness.bham.ac.uk/wp-content/plugins/iphorm-form-builder/js/uniform/themes/default/images/sprite.png]
[www.sportandfitness.bham.ac.uk/wp-content/plugins/iphorm-form-builder/js/uniform/themes/agent/images/sprite-agent.png]
[www.sportandfitness.bham.ac.uk/wp-content/plugins/iphorm-form-builder/js/uniform/themes/aristo/images/sprite-aristo.png]
[www.sportandfitness.bham.ac.uk/wp-content/plugins/iphorm-form-builder/css/styles.css]
[www.sportandfitness.bham.ac.uk/wp-content/plugins/iphorm-form-builder/js/qtip2/jquery.qtip.min.css]
[www.sportandfitness.bham.ac.uk/wp-content/plugins/iphorm-form-builder/js/fancybox/fancybox.png]
[www.sportandfitness.bham.ac.uk/wp-content/plugins/iphorm-form-builder/js/fancybox/blank.gif]
[www.sportandfitness.bham.ac.uk/wp-content/plugins/iphorm-form-builder/js/fancybox/fancybox-x.png]
[www.sportandfitness.bham.ac.uk/wp-content/plugins/iphorm-form-builder/js/fancybox/fancybox-y.png]
[www.sportandfitness.bham.ac.uk/wp-content/plugins/iphorm-form-builder/js/fancybox/fancy_title_over.png]
[www.sportandfitness.bham.ac.uk/wp-content/plugins/iphorm-form-builder/js/fancybox/jquery.fancybox-1.3.4.css]
[www.sportandfitness.bham.ac.uk/wp-content/plugins/iphorm-form-builder/js/uniform/themes/default/images/bg-input.png]
[www.sportandfitness.bham.ac.uk/wp-content/plugins/iphorm-form-builder/js/uniform/themes/default/default.css]
[www.sportandfitness.bham.ac.uk/wp-content/plugins/iphorm-form-builder/js/uniform/themes/default/images/bg-input-focus.png]
[www.sportandfitness.bham.ac.uk/wp-content/plugins/iphorm-form-builder/js/uniform/themes/agent/images/bg-input-agent.png]
[www.sportandfitness.bham.ac.uk/wp-content/plugins/iphorm-form-builder/js/uniform/themes/agent/images/bg-input-focus-agent.png]
[www.sportandfitness.bham.ac.uk/wp-content/plugins/iphorm-form-builder/js/uniform/themes/agent/agent.css]
[www.sportandfitness.bham.ac.uk/wp-content/plugins/iphorm-form-builder/themes/react/images/react-help-icon.png]
[www.sportandfitness.bham.ac.uk/wp-content/plugins/iphorm-form-builder/themes/react/images/error.png]
[www.sportandfitness.bham.ac.uk/wp-content/plugins/iphorm-form-builder/themes/react/images/success.png]
[www.sportandfitness.bham.ac.uk/wp-content/plugins/iphorm-form-builder/themes/react/images/calendar-icon.png]
[www.sportandfitness.bham.ac.uk/wp-content/plugins/iphorm-form-builder/themes/react/images/calendar-icon@2x.png]
[www.sportandfitness.bham.ac.uk/wp-content/plugins/iphorm-form-builder/themes/react/images/error@2x.png]
[www.sportandfitness.bham.ac.uk/wp-content/plugins/iphorm-form-builder/themes/react/images/success@2x.png]
[www.sportandfitness.bham.ac.uk/wp-content/plugins/iphorm-form-builder/themes/react/images/react-help-icon@2x.png]
[www.sportandfitness.bham.ac.uk/wp-content/plugins/iphorm-form-builder/themes/react/default.css]
[www.sportandfitness.bham.ac.uk/wp-content/plugins/iphorm-form-builder/themes/light/images/input-bg-rep.png]
[www.sportandfitness.bham.ac.uk/wp-content/plugins/iphorm-form-builder/themes/light/images/input-active-bg-rep.png]
[www.sportandfitness.bham.ac.uk/wp-content/plugins/iphorm-form-builder/themes/light/images/help-icon.png]
[www.sportandfitness.bham.ac.uk/wp-content/plugins/iphorm-form-builder/themes/light/images/file-upload-progress-area.png]
[www.sportandfitness.bham.ac.uk/wp-content/plugins/iphorm-form-builder/themes/light/images/file-progress-bar-bg.png]
[www.sportandfitness.bham.ac.uk/wp-content/plugins/iphorm-form-builder/themes/light/images/file-close.png]
[www.sportandfitness.bham.ac.uk/wp-content/plugins/iphorm-form-builder/themes/light/images/button-bg-rep.png]
[www.sportandfitness.bham.ac.uk/wp-content/plugins/iphorm-form-builder/themes/light/images/button-active-bg-rep.png]
[www.sportandfitness.bham.ac.uk/wp-content/plugins/iphorm-form-builder/themes/light/images/boxed-group-title-bg.png]
[www.sportandfitness.bham.ac.uk/wp-content/plugins/iphorm-form-builder/themes/light/images/boxed-group-bg.png]
[www.sportandfitness.bham.ac.uk/wp-content/plugins/iphorm-form-builder/themes/light/images/boxed-group-break-line.png]
[www.sportandfitness.bham.ac.uk/wp-content/plugins/iphorm-form-builder/themes/light/rounded.css]
[www.sportandfitness.bham.ac.uk/wp-content/plugins/revslider/public/assets/assets/gridtile.png]
[www.sportandfitness.bham.ac.uk/wp-content/plugins/revslider/public/assets/assets/gridtile_white.png]
[www.sportandfitness.bham.ac.uk/wp-content/plugins/revslider/public/assets/assets/gridtile_3x3.png]
[www.sportandfitness.bham.ac.uk/wp-content/plugins/revslider/public/assets/assets/gridtile_3x3_white.png]
[www.sportandfitness.bham.ac.uk/wp-content/plugins/revslider/public/assets/assets/coloredbg.png]
[www.sportandfitness.bham.ac.uk/wp-content/plugins/revslider/public/assets/assets/loader.gif]
[www.sportandfitness.bham.ac.uk/wp-content/plugins/revslider/public/assets/css/settings.css]
[www.sportandfitness.bham.ac.uk/wp-content/plugins/forms-for-campaign-monitor/forms/views/public/css/app.css]
[www.sportandfitness.bham.ac.uk/wp-content/themes/360 birmingham/images/ctabararrow.png]
[www.sportandfitness.bham.ac.uk/wp-content/themes/360 birmingham/images/arrowbullet.png]
[www.sportandfitness.bham.ac.uk/wp-content/themes/360 birmingham/images/whitearrow.png]
[www.sportandfitness.bham.ac.uk/wp-content/themes/360 birmingham/images/lightgreyarrow.png]
[www.sportandfitness.bham.ac.uk/wp-content/themes/360 birmingham/images/greyarrow.png]
[www.sportandfitness.bham.ac.uk/wp-content/themes/360 birmingham/images/lightbluearrow.png]
[www.sportandfitness.bham.ac.uk/wp-content/themes/360 birmingham/images/bluearrow.png]
[www.sportandfitness.bham.ac.uk/wp-content/themes/360 birmingham/images/limearrow.png]
[www.sportandfitness.bham.ac.uk/wp-content/themes/360 birmingham/images/greenarrow.png]
[www.sportandfitness.bham.ac.uk/wp-content/themes/360 birmingham/images/lhscorner.png]
[www.sportandfitness.bham.ac.uk/wp-content/themes/360 birmingham/images/rhscorner.png]
[www.sportandfitness.bham.ac.uk/wp-content/themes/360 birmingham/images/royalsliderplay.png]
[www.sportandfitness.bham.ac.uk/wp-content/themes/360 birmingham/images/testimonialquote.png]
[www.sportandfitness.bham.ac.uk/wp-content/themes/360 birmingham/images/sidebararrowdown.png]
[www.sportandfitness.bham.ac.uk/wp-content/themes/360 birmingham/images/sidebararrow.png]
[www.sportandfitness.bham.ac.uk/wp-content/themes/360 birmingham/images/grouparrow.png]
[www.sportandfitness.bham.ac.uk/wp-content/themes/360 birmingham/images/greenbackground.jpg]
[www.sportandfitness.bham.ac.uk/wp-content/themes/360 birmingham/images/navybackground.jpg]
[www.sportandfitness.bham.ac.uk/wp-content/themes/360 birmingham/images/postbanner.jpg]
[www.sportandfitness.bham.ac.uk/wp-content/themes/360 birmingham/images/arrow.png]
[www.sportandfitness.bham.ac.uk/wp-content/uploads/2016/08/Page-title-bar_teal_navy.jpg]
[www.sportandfitness.bham.ac.uk/wp-content/themes/360 birmingham/images/expertcross.png]
[www.sportandfitness.bham.ac.uk/wp-content/themes/360 birmingham/images/faqplus.png]
[www.sportandfitness.bham.ac.uk/wp-content/themes/360 birmingham/images/faqminus.png]
[www.sportandfitness.bham.ac.uk/wp-content/themes/360 birmingham/images/findclubbanner.jpg]
[www.sportandfitness.bham.ac.uk/wp-content/themes/360 birmingham/images/studentsportsbanner.png]
[www.sportandfitness.bham.ac.uk/wp-content/themes/360 birmingham/images/backarrow.png]
[www.sportandfitness.bham.ac.uk/wp-content/themes/360 birmingham/style.css]
[www.sportandfitness.bham.ac.uk/wp-content/themes/360 birmingham/js/jquery.custom-scrollbar.css]
[www.sportandfitness.bham.ac.uk/wp-content/themes/360 birmingham/js/bxslider/images/bx_loader.gif]
[www.sportandfitness.bham.ac.uk/wp-content/themes/360 birmingham/js/bxslider/jquery.bxslider.min.css]
[www.sportandfitness.bham.ac.uk/wp-content/themes/360 birmingham/js/bxslider/images/controls.png]
[ajax.googleapis.com/ajax/libs/jqueryui/1.12.1/themes/smoothness/images/ui-bg_highlight-soft_75_cccccc_1x100.png]
[ajax.googleapis.com/ajax/libs/jqueryui/1.12.1/themes/smoothness/images/ui-bg_glass_75_e6e6e6_1x400.png]
[ajax.googleapis.com/ajax/libs/jqueryui/1.12.1/themes/smoothness/images/ui-bg_glass_75_dadada_1x400.png]
[ajax.googleapis.com/ajax/libs/jqueryui/1.12.1/themes/smoothness/images/ui-bg_glass_65_ffffff_1x400.png]
[ajax.googleapis.com/ajax/libs/jqueryui/1.12.1/themes/smoothness/images/ui-bg_glass_55_fbf9ee_1x400.png]
[ajax.googleapis.com/ajax/libs/jqueryui/1.12.1/themes/smoothness/images/ui-bg_glass_95_fef1ec_1x400.png]
[ajax.googleapis.com/ajax/libs/jqueryui/1.12.1/themes/smoothness/images/ui-icons_222222_256x240.png]
[ajax.googleapis.com/ajax/libs/jqueryui/1.12.1/themes/smoothness/images/ui-icons_454545_256x240.png]
[ajax.googleapis.com/ajax/libs/jqueryui/1.12.1/themes/smoothness/images/ui-icons_2e83ff_256x240.png]
[ajax.googleapis.com/ajax/libs/jqueryui/1.12.1/themes/smoothness/images/ui-icons_cd0a0a_256x240.png]
[ajax.googleapis.com/ajax/libs/jqueryui/1.12.1/themes/smoothness/images/ui-icons_888888_256x240.png]
[ajax.googleapis.com/ajax/libs/jqueryui/1.12.1/themes/smoothness/jquery-ui.css]
[www.sportandfitness.bham.ac.uk/wp-content/plugins/new-royalslider/lib/royalslider/grab.png]
[www.sportandfitness.bham.ac.uk/wp-content/plugins/new-royalslider/lib/royalslider/grabbing.png]
[www.sportandfitness.bham.ac.uk/wp-content/plugins/new-royalslider/lib/royalslider/royalslider.css]
[www.sportandfitness.bham.ac.uk/wp-content/plugins/new-royalslider/lib/royalslider/skins/universal/rs-universal.png]
[www.sportandfitness.bham.ac.uk/wp-content/plugins/new-royalslider/lib/royalslider/skins/preloaders/preloader-white.gif]
[www.sportandfitness.bham.ac.uk/wp-content/plugins/new-royalslider/lib/royalslider/skins/universal/rs-universal.css]
[www.sportandfitness.bham.ac.uk/wp-content/themes/360 birmingham/royalslider/performance/rs-universal.png]
[www.sportandfitness.bham.ac.uk/wp-content/themes/360 birmingham/royalslider/performance/performance.css]
[www.sportandfitness.bham.ac.uk/wp-content/plugins/new-royalslider/lib/royalslider/templates-css/rs-gallery-with-text-thumbs.css]
[www.sportandfitness.bham.ac.uk/wp-content/plugins/new-royalslider/lib/royalslider/templates-css/rs-visible-nearby-simple.css]
[www.sportandfitness.bham.ac.uk/wp-content/plugins/new-royalslider/lib/royalslider/templates-css/rs-content-slider-template.css]
[www.sportandfitness.bham.ac.uk/wp-content/uploads/smile_fonts/Defaults/Defaults21ea.eot]
[www.sportandfitness.bham.ac.uk/wp-content/uploads/smile_fonts/Defaults/Defaultsd41d.eot]
[www.sportandfitness.bham.ac.uk/wp-content/uploads/smile_fonts/Defaults/Defaults21ea.woff]
[www.sportandfitness.bham.ac.uk/wp-content/uploads/smile_fonts/Defaults/Defaults21ea.ttf]
[www.sportandfitness.bham.ac.uk/wp-content/uploads/smile_fonts/Defaults/Defaults.css]
[www.sportandfitness.bham.ac.uk/wp-content/uploads/smile_fonts/Defaults/Defaults21ea.svg]
[connect.facebook.net/en_US/fbevents.js]
[www.sportandfitness.bham.ac.uk/wp-content/plugins/revslider/public/assets/css/openhand.html]
[www.sportandfitness.bham.ac.uk/wp-content/plugins/revslider/public/assets/css/closedhand.html]
[www.sportandfitness.bham.ac.uk/wp-content/themes/360 birmingham/royalslider/preloaders/preloader-white.html]
[www.sportandfitness.bham.ac.uk/wp-content/uploads/smile_fonts/Defaults/Defaults21ea.svg]
[www.sportandfitness.bham.ac.uk/student-sport/clubs/mountaineering/POST.html]
[www.sportandfitness.bham.ac.uk/wp-content/plugins/instagram-feed/img/small-logo.png]
[www.sportandfitness.bham.ac.uk/wp-content/plugins/new-royalslider/lib/royalslider/jquery.royalslider.min.js]
